// Jest Snapshot v1, https://goo.gl/fbAQLP

exports[`WebShop should match snapshot 1`] = `
<div
  class="web-shop"
  id="web-shop"
>
  <div
    class="web-shop-header"
  >
    <div
      class="header-text"
    />
     
    <div
      class="cart-shield-container"
    >
      <div
        class="cart-shield"
      >
        <img
          class="cart-icon"
          src="../images/cart-icon.png"
        />
         
        <div
          class="cart-items-count"
        >
          0
        </div>
      </div>
    </div>
  </div>
   
  <div
    class="category"
  >
    <div
      class="category-list-container"
    >
      <div>
        <div>
          <div
            class="category-item category-item__selected"
          >
            <img
              src="https://d2j6dbq0eux0bg.cloudfront.net/images/58958138/2208495045.jpg"
            />
             
            <div>
              <h1>
                Шерсть
              </h1>
            </div>
          </div>
        </div>
        <div>
          <div
            class="category-item"
          >
            <img
              src="https://d2j6dbq0eux0bg.cloudfront.net/images/58958138/2208509122.jpg"
            />
             
            <div>
              <h1>
                Хлопок
              </h1>
            </div>
          </div>
        </div>
      </div>
    </div>
     
    <div
      class="product-list-container"
    >
      <!---->
    </div>
  </div>
</div>
`;
